error: Cannot pass high expression as an argument to functions
 --> $DIR/pass_high_ref_to_fn.rs:9:18
  |
9 |         let _y = inc(x);
  |                  ^^^^^^
  |
help: High Expression
 --> $DIR/pass_high_ref_to_fn.rs:9:22
  |
9 |         let _y = inc(x);
  |                      ^
